// Jest Snapshot v1, https://goo.gl/fbAQLP

exports[`Create component should checks for html changes 1`] = `
<section
  className="contacts"
>
  <ToastContainer
    autoClose={3500}
    bodyClassName={null}
    className={null}
    closeButton={
      <CloseButton
        ariaLabel="close"
      />
    }
    closeOnClick={true}
    draggable={true}
    draggablePercent={80}
    hideProgressBar={false}
    newestOnTop={false}
    pauseOnFocusLoss={true}
    pauseOnHover={true}
    position="top-right"
    progressClassName={null}
    progressStyle={null}
    role="alert"
    rtl={false}
    style={null}
    toastClassName={null}
    transition={[Function]}
  />
  <div
    className="contact-header"
  >
    <h1>
      Създай нов сорт
    </h1>
  </div>
  <div
    className="contact-form"
  >
    <form
      onSubmit={[Function]}
    >
      <p
        className="sort"
      >
        <label
          htmlFor="sort"
        >
          Име:
          <span>
            *
          </span>
        </label>
        <input
          id="sort"
          name="sort"
          onBlur={[Function]}
          onChange={[Function]}
          placeholder="Type cherry sort here"
          required={true}
          type="text"
          value=""
        />
      </p>
      <p
        className="price"
      >
        <label
          htmlFor="price"
        >
          Цена:
          <span>
            *
          </span>
        </label>
        <input
          id="price"
          name="price"
          onBlur={[Function]}
          onChange={[Function]}
          placeholder="Type price per 1 kilogram"
          required={true}
          type="text"
          value=""
        />
      </p>
      <p
        className="imagePath"
      >
        <label
          htmlFor="image-path"
        >
          Снимка:
          <span>
            *
          </span>
        </label>
        <input
          id="image-path"
          name="imagePath"
          onBlur={[Function]}
          onChange={[Function]}
          placeholder="/images/imgName.jpg"
          required={true}
          type="text"
          value=""
        />
      </p>
      <p
        className="description"
      >
        <label
          htmlFor="description"
        >
          Съобщение:
          <span>
            *
          </span>
        </label>
        <textarea
          id="description"
          name="description"
          onBlur={[Function]}
          onChange={[Function]}
          placeholder="Type some description up to 80 symbols"
          required={true}
          rows="5"
          value=""
        />
      </p>
      <div
        className="check-box"
      >
        <label
          htmlFor="check-box"
        >
          Да се публикува
        </label>
        <input
          id="check-box"
          name="checkBox"
          onChange={[Function]}
          type="checkbox"
          value={false}
        />
      </div>
      <div
        className="form-btn"
      >
        <p
          className="btn"
        >
          <button
            className="primary-btn"
            type="submit"
          >
            Създай
          </button>
        </p>
      </div>
    </form>
  </div>
</section>
`;
